2025-03-01 23:54:09,787 - INFO - 开始导入设备数据从MySQL到Neo4j...
2025-03-01 23:54:09,875 - ERROR - 连接MySQL失败: Failed raising error.
2025-03-01 23:56:17,205 - INFO - 开始导入设备数据从MySQL到Neo4j...
2025-03-01 23:56:17,271 - ERROR - 连接MySQL失败: Failed raising error.
2025-03-01 23:58:04,415 - INFO - 开始导入设备数据从MySQL到Neo4j...
2025-03-01 23:58:04,415 - INFO - MySQL配置: 主机=192.168.35.10, 用户=root, 数据库=lbfat
2025-03-01 23:58:04,421 - INFO - Neo4j配置: URI=http://192.168.35.10:7474, 用户=neo4j
2025-03-01 23:58:04,421 - INFO - 尝试连接到MySQL: 192.168.35.10...
2025-03-01 23:58:04,490 - ERROR - 连接MySQL失败: Failed raising error.
2025-03-01 23:58:04,493 - ERROR - 详细错误: Traceback (most recent call last):
  File "C:\project\2025\2025 leybold 图论\lbgraph\direct_mysql_to_neo4j.py", line 45, in connect_to_mysql
    conn = mysql.connector.connect(
        host=config["mysql"]["host"],
    ...<2 lines>...
        database=config["mysql"]["database"]
    )
  File "C:\project\2025\2025 leybold 图论\lbgraph\.venv\Lib\site-packages\mysql\connector\pooling.py", line 322, in connect
    return CMySQLConnection(*args, **kwargs)
  File "C:\project\2025\2025 leybold 图论\lbgraph\.venv\Lib\site-packages\mysql\connector\connection_cext.py", line 153, in __init__
    self.connect(**kwargs)
    ~~~~~~~~~~~~^^^^^^^^^^
  File "C:\project\2025\2025 leybold 图论\lbgraph\.venv\Lib\site-packages\mysql\connector\abstracts.py", line 1529, in connect
    self._open_connection()
    ~~~~~~~~~~~~~~~~~~~~~^^
  File "C:\project\2025\2025 leybold 图论\lbgraph\.venv\Lib\site-packages\mysql\connector\connection_cext.py", line 365, in _open_connection
    self._cmysql.connect(**cnx_kwargs)
    ~~~~~~~~~~~~~~~~~~~~^^^^^^^^^^^^^^
RuntimeError: Failed raising error.

2025-03-02 00:07:38,937 - INFO - 开始导入设备数据从MySQL到Neo4j...
2025-03-02 00:07:38,938 - INFO - MySQL配置: 主机=192.168.35.10, 用户=root, 数据库=lbfat
2025-03-02 00:07:38,938 - INFO - Neo4j配置: URI=http://192.168.35.10:7474, 用户=neo4j
2025-03-02 00:07:38,938 - INFO - 尝试连接到MySQL: 192.168.35.10...
2025-03-02 00:07:39,013 - ERROR - 连接MySQL失败: Failed raising error.
2025-03-02 00:07:39,016 - ERROR - 详细错误: Traceback (most recent call last):
  File "C:\project\2025\2025 leybold 图论\lbgraph\direct_mysql_to_neo4j.py", line 45, in connect_to_mysql
    conn = mysql.connector.connect(
        host=config["mysql"]["host"],
    ...<2 lines>...
        database=config["mysql"]["database"]
    )
  File "C:\project\2025\2025 leybold 图论\lbgraph\.venv\Lib\site-packages\mysql\connector\pooling.py", line 322, in connect
    return CMySQLConnection(*args, **kwargs)
  File "C:\project\2025\2025 leybold 图论\lbgraph\.venv\Lib\site-packages\mysql\connector\connection_cext.py", line 153, in __init__
    self.connect(**kwargs)
    ~~~~~~~~~~~~^^^^^^^^^^
  File "C:\project\2025\2025 leybold 图论\lbgraph\.venv\Lib\site-packages\mysql\connector\abstracts.py", line 1529, in connect
    self._open_connection()
    ~~~~~~~~~~~~~~~~~~~~~^^
  File "C:\project\2025\2025 leybold 图论\lbgraph\.venv\Lib\site-packages\mysql\connector\connection_cext.py", line 365, in _open_connection
    self._cmysql.connect(**cnx_kwargs)
    ~~~~~~~~~~~~~~~~~~~~^^^^^^^^^^^^^^
RuntimeError: Failed raising error.

